
 /----------------------------------------------------------------------------\
 |                                                                            |
 |  yosys -- Yosys Open SYnthesis Suite                                       |
 |                                                                            |
 |  Copyright (C) 2012 - 2020  Claire Xenia Wolf <claire@yosyshq.com>         |
 |                                                                            |
 |  Permission to use, copy, modify, and/or distribute this software for any  |
 |  purpose with or without fee is hereby granted, provided that the above    |
 |  copyright notice and this permission notice appear in all copies.         |
 |                                                                            |
 |  THE SOFTWARE IS PROVIDED "AS IS" AND THE AUTHOR DISCLAIMS ALL WARRANTIES  |
 |  WITH REGARD TO THIS SOFTWARE INCLUDING ALL IMPLIED WARRANTIES OF          |
 |  MERCHANTABILITY AND FITNESS. IN NO EVENT SHALL THE AUTHOR BE LIABLE FOR   |
 |  ANY SPECIAL, DIRECT, INDIRECT, OR CONSEQUENTIAL DAMAGES OR ANY DAMAGES    |
 |  WHATSOEVER RESULTING FROM LOSS OF USE, DATA OR PROFITS, WHETHER IN AN     |
 |  ACTION OF CONTRACT, NEGLIGENCE OR OTHER TORTIOUS ACTION, ARISING OUT OF   |
 |  OR IN CONNECTION WITH THE USE OR PERFORMANCE OF THIS SOFTWARE.            |
 |                                                                            |
 \----------------------------------------------------------------------------/

 Yosys 0.33 (git sha1 2584903a060)


-- Executing script file `synth.ys' --

1. Executing Verilog-2005 frontend: /home/teekam/rtl-desgin-verilog/rtl/alu/arith_unit.v
Parsing Verilog input from `/home/teekam/rtl-desgin-verilog/rtl/alu/arith_unit.v' to AST representation.
Generating RTLIL representation for module `\arith_unit'.
Successfully finished Verilog frontend.

2. Executing Verilog-2005 frontend: /home/teekam/rtl-desgin-verilog/rtl/alu/logic_unit.v
Parsing Verilog input from `/home/teekam/rtl-desgin-verilog/rtl/alu/logic_unit.v' to AST representation.
Generating RTLIL representation for module `\logic_unit'.
Successfully finished Verilog frontend.

3. Executing Verilog-2005 frontend: /home/teekam/rtl-desgin-verilog/rtl/alu/shift_unit.v
Parsing Verilog input from `/home/teekam/rtl-desgin-verilog/rtl/alu/shift_unit.v' to AST representation.
Generating RTLIL representation for module `\shift_unit'.
Successfully finished Verilog frontend.

4. Executing Verilog-2005 frontend: /home/teekam/rtl-desgin-verilog/rtl/alu/alu.v
Parsing Verilog input from `/home/teekam/rtl-desgin-verilog/rtl/alu/alu.v' to AST representation.
Generating RTLIL representation for module `\alu'.
Successfully finished Verilog frontend.

5. Executing SYNTH pass.

5.1. Executing HIERARCHY pass (managing design hierarchy).

5.1.1. Analyzing design hierarchy..
Top module:  \alu
Used module:     \shift_unit
Used module:     \logic_unit
Used module:     \arith_unit
Parameter \width = 8

5.1.2. Executing AST frontend in derive mode using pre-parsed AST for module `\shift_unit'.
Parameter \width = 8
Generating RTLIL representation for module `$paramod\shift_unit\width=s32'00000000000000000000000000001000'.
Parameter \width = 8

5.1.3. Executing AST frontend in derive mode using pre-parsed AST for module `\logic_unit'.
Parameter \width = 8
Generating RTLIL representation for module `$paramod\logic_unit\width=s32'00000000000000000000000000001000'.
Parameter \width = 8

5.1.4. Executing AST frontend in derive mode using pre-parsed AST for module `\arith_unit'.
Parameter \width = 8
Generating RTLIL representation for module `$paramod\arith_unit\width=s32'00000000000000000000000000001000'.

5.1.5. Analyzing design hierarchy..
Top module:  \alu
Used module:     $paramod\shift_unit\width=s32'00000000000000000000000000001000
Used module:     $paramod\logic_unit\width=s32'00000000000000000000000000001000
Used module:     $paramod\arith_unit\width=s32'00000000000000000000000000001000

5.1.6. Analyzing design hierarchy..
Top module:  \alu
Used module:     $paramod\shift_unit\width=s32'00000000000000000000000000001000
Used module:     $paramod\logic_unit\width=s32'00000000000000000000000000001000
Used module:     $paramod\arith_unit\width=s32'00000000000000000000000000001000
Removing unused module `\shift_unit'.
Removing unused module `\logic_unit'.
Removing unused module `\arith_unit'.
Removed 3 unused modules.

5.2. Executing PROC pass (convert processes to netlists).

5.2.1. Executing PROC_CLEAN pass (remove empty switches from decision trees).
Cleaned up 0 empty switches.

5.2.2. Executing PROC_RMDEAD pass (remove dead branches from decision trees).
Marked 1 switch rules as full_case in process $proc$/home/teekam/rtl-desgin-verilog/rtl/alu/alu.v:89$28 in module alu.
Marked 1 switch rules as full_case in process $proc$/home/teekam/rtl-desgin-verilog/rtl/alu/alu.v:46$26 in module alu.
Marked 1 switch rules as full_case in process $proc$/home/teekam/rtl-desgin-verilog/rtl/alu/logic_unit.v:9$41 in module $paramod\logic_unit\width=s32'00000000000000000000000000001000.
Marked 1 switch rules as full_case in process $proc$/home/teekam/rtl-desgin-verilog/rtl/alu/shift_unit.v:10$37 in module $paramod\shift_unit\width=s32'00000000000000000000000000001000.
Removed a total of 0 dead cases.

5.2.3. Executing PROC_PRUNE pass (remove redundant assignments in processes).
Removed 0 redundant assignments.
Promoted 7 assignments to connections.

5.2.4. Executing PROC_INIT pass (extract init attributes).

5.2.5. Executing PROC_ARST pass (detect async resets in processes).

5.2.6. Executing PROC_ROM pass (convert switches to ROMs).
Converted 0 switches.
<suppressed ~4 debug messages>

5.2.7. Executing PROC_MUX pass (convert decision trees to multiplexers).
Creating decoders for process `\alu.$proc$/home/teekam/rtl-desgin-verilog/rtl/alu/alu.v:89$28'.
     1/3: $1\v[0:0]
     2/3: $1\c[0:0]
     3/3: $1\result[7:0]
Creating decoders for process `\alu.$proc$/home/teekam/rtl-desgin-verilog/rtl/alu/alu.v:46$26'.
     1/1: $1\logic_op[2:0]
Creating decoders for process `$paramod\logic_unit\width=s32'00000000000000000000000000001000.$proc$/home/teekam/rtl-desgin-verilog/rtl/alu/logic_unit.v:9$41'.
     1/1: $1\result[7:0]
Creating decoders for process `$paramod\shift_unit\width=s32'00000000000000000000000000001000.$proc$/home/teekam/rtl-desgin-verilog/rtl/alu/shift_unit.v:10$37'.
     1/2: $1\c[0:0]
     2/2: $1\result[7:0]

5.2.8. Executing PROC_DLATCH pass (convert process syncs to latches).
No latch inferred for signal `\alu.\result' from process `\alu.$proc$/home/teekam/rtl-desgin-verilog/rtl/alu/alu.v:89$28'.
No latch inferred for signal `\alu.\c' from process `\alu.$proc$/home/teekam/rtl-desgin-verilog/rtl/alu/alu.v:89$28'.
No latch inferred for signal `\alu.\v' from process `\alu.$proc$/home/teekam/rtl-desgin-verilog/rtl/alu/alu.v:89$28'.
No latch inferred for signal `\alu.\logic_op' from process `\alu.$proc$/home/teekam/rtl-desgin-verilog/rtl/alu/alu.v:46$26'.
No latch inferred for signal `$paramod\logic_unit\width=s32'00000000000000000000000000001000.\result' from process `$paramod\logic_unit\width=s32'00000000000000000000000000001000.$proc$/home/teekam/rtl-desgin-verilog/rtl/alu/logic_unit.v:9$41'.
No latch inferred for signal `$paramod\shift_unit\width=s32'00000000000000000000000000001000.\result' from process `$paramod\shift_unit\width=s32'00000000000000000000000000001000.$proc$/home/teekam/rtl-desgin-verilog/rtl/alu/shift_unit.v:10$37'.
No latch inferred for signal `$paramod\shift_unit\width=s32'00000000000000000000000000001000.\c' from process `$paramod\shift_unit\width=s32'00000000000000000000000000001000.$proc$/home/teekam/rtl-desgin-verilog/rtl/alu/shift_unit.v:10$37'.

5.2.9. Executing PROC_DFF pass (convert process syncs to FFs).

5.2.10. Executing PROC_MEMWR pass (convert process memory writes to cells).

5.2.11. Executing PROC_CLEAN pass (remove empty switches from decision trees).
Found and cleaned up 1 empty switch in `\alu.$proc$/home/teekam/rtl-desgin-verilog/rtl/alu/alu.v:89$28'.
Removing empty process `alu.$proc$/home/teekam/rtl-desgin-verilog/rtl/alu/alu.v:89$28'.
Found and cleaned up 1 empty switch in `\alu.$proc$/home/teekam/rtl-desgin-verilog/rtl/alu/alu.v:46$26'.
Removing empty process `alu.$proc$/home/teekam/rtl-desgin-verilog/rtl/alu/alu.v:46$26'.
Found and cleaned up 1 empty switch in `$paramod\logic_unit\width=s32'00000000000000000000000000001000.$proc$/home/teekam/rtl-desgin-verilog/rtl/alu/logic_unit.v:9$41'.
Removing empty process `$paramod\logic_unit\width=s32'00000000000000000000000000001000.$proc$/home/teekam/rtl-desgin-verilog/rtl/alu/logic_unit.v:9$41'.
Found and cleaned up 1 empty switch in `$paramod\shift_unit\width=s32'00000000000000000000000000001000.$proc$/home/teekam/rtl-desgin-verilog/rtl/alu/shift_unit.v:10$37'.
Removing empty process `$paramod\shift_unit\width=s32'00000000000000000000000000001000.$proc$/home/teekam/rtl-desgin-verilog/rtl/alu/shift_unit.v:10$37'.
Cleaned up 4 empty switches.

5.2.12. Executing OPT_EXPR pass (perform const folding).
Optimizing module alu.
<suppressed ~3 debug messages>
Optimizing module $paramod\arith_unit\width=s32'00000000000000000000000000001000.
Optimizing module $paramod\logic_unit\width=s32'00000000000000000000000000001000.
<suppressed ~1 debug messages>
Optimizing module $paramod\shift_unit\width=s32'00000000000000000000000000001000.
<suppressed ~5 debug messages>

5.3. Executing OPT_EXPR pass (perform const folding).
Optimizing module alu.
Optimizing module $paramod\arith_unit\width=s32'00000000000000000000000000001000.
Optimizing module $paramod\logic_unit\width=s32'00000000000000000000000000001000.
Optimizing module $paramod\shift_unit\width=s32'00000000000000000000000000001000.

5.4. Executing OPT_CLEAN pass (remove unused cells and wires).
Finding unused cells or wires in module \alu..
Finding unused cells or wires in module $paramod\arith_unit\width=s32'00000000000000000000000000001000..
Finding unused cells or wires in module $paramod\logic_unit\width=s32'00000000000000000000000000001000..
Finding unused cells or wires in module $paramod\shift_unit\width=s32'00000000000000000000000000001000..
Removed 1 unused cells and 31 unused wires.
<suppressed ~5 debug messages>

5.5. Executing CHECK pass (checking for obvious problems).
Checking module $paramod\arith_unit\width=s32'00000000000000000000000000001000...
Checking module $paramod\logic_unit\width=s32'00000000000000000000000000001000...
Checking module $paramod\shift_unit\width=s32'00000000000000000000000000001000...
Checking module alu...
Found and reported 0 problems.

5.6. Executing OPT pass (performing simple optimizations).

5.6.1. Executing OPT_EXPR pass (perform const folding).
Optimizing module $paramod\arith_unit\width=s32'00000000000000000000000000001000.
Optimizing module $paramod\logic_unit\width=s32'00000000000000000000000000001000.
Optimizing module $paramod\shift_unit\width=s32'00000000000000000000000000001000.
Optimizing module alu.

5.6.2. Executing OPT_MERGE pass (detect identical cells).
Finding identical cells in module `$paramod\arith_unit\width=s32'00000000000000000000000000001000'.
Finding identical cells in module `$paramod\logic_unit\width=s32'00000000000000000000000000001000'.
<suppressed ~9 debug messages>
Finding identical cells in module `$paramod\shift_unit\width=s32'00000000000000000000000000001000'.
Finding identical cells in module `\alu'.
<suppressed ~54 debug messages>
Removed a total of 21 cells.

5.6.3. Executing OPT_MUXTREE pass (detect dead branches in mux trees).
Running muxtree optimizer on module $paramod\arith_unit\width=s32'00000000000000000000000000001000..
  Creating internal representation of mux trees.
  Evaluating internal representation of mux trees.
  Analyzing evaluation results.
Running muxtree optimizer on module $paramod\logic_unit\width=s32'00000000000000000000000000001000..
  Creating internal representation of mux trees.
  Evaluating internal representation of mux trees.
  Analyzing evaluation results.
Running muxtree optimizer on module $paramod\shift_unit\width=s32'00000000000000000000000000001000..
  Creating internal representation of mux trees.
  Evaluating internal representation of mux trees.
  Analyzing evaluation results.
Running muxtree optimizer on module \alu..
  Creating internal representation of mux trees.
  Evaluating internal representation of mux trees.
  Analyzing evaluation results.
Removed 0 multiplexer ports.
<suppressed ~10 debug messages>

5.6.4. Executing OPT_REDUCE pass (consolidate $*mux and $reduce_* inputs).
  Optimizing cells in module $paramod\arith_unit\width=s32'00000000000000000000000000001000.
  Optimizing cells in module $paramod\logic_unit\width=s32'00000000000000000000000000001000.
  Optimizing cells in module $paramod\shift_unit\width=s32'00000000000000000000000000001000.
  Optimizing cells in module \alu.
    New ctrl vector for $pmux cell $procmux$73: { $auto$opt_reduce.cc:134:opt_pmux$105 $procmux$76_CTRL $auto$opt_reduce.cc:134:opt_pmux$103 }
    New ctrl vector for $pmux cell $procmux$60: $auto$opt_reduce.cc:134:opt_pmux$107
    New ctrl vector for $pmux cell $procmux$65: { $auto$opt_reduce.cc:134:opt_pmux$111 $auto$opt_reduce.cc:134:opt_pmux$109 }
  Optimizing cells in module \alu.
Performed a total of 3 changes.

5.6.5. Executing OPT_MERGE pass (detect identical cells).
Finding identical cells in module `$paramod\arith_unit\width=s32'00000000000000000000000000001000'.
Finding identical cells in module `$paramod\logic_unit\width=s32'00000000000000000000000000001000'.
Finding identical cells in module `$paramod\shift_unit\width=s32'00000000000000000000000000001000'.
Finding identical cells in module `\alu'.
<suppressed ~6 debug messages>
Removed a total of 2 cells.

5.6.6. Executing OPT_DFF pass (perform DFF optimizations).

5.6.7. Executing OPT_CLEAN pass (remove unused cells and wires).
Finding unused cells or wires in module $paramod\arith_unit\width=s32'00000000000000000000000000001000..
Finding unused cells or wires in module $paramod\logic_unit\width=s32'00000000000000000000000000001000..
Finding unused cells or wires in module $paramod\shift_unit\width=s32'00000000000000000000000000001000..
Finding unused cells or wires in module \alu..
Removed 0 unused cells and 23 unused wires.
<suppressed ~2 debug messages>

5.6.8. Executing OPT_EXPR pass (perform const folding).
Optimizing module $paramod\arith_unit\width=s32'00000000000000000000000000001000.
Optimizing module $paramod\logic_unit\width=s32'00000000000000000000000000001000.
Optimizing module $paramod\shift_unit\width=s32'00000000000000000000000000001000.
Optimizing module alu.

5.6.9. Rerunning OPT passes. (Maybe there is more to do..)

5.6.10. Executing OPT_MUXTREE pass (detect dead branches in mux trees).
Running muxtree optimizer on module $paramod\arith_unit\width=s32'00000000000000000000000000001000..
  Creating internal representation of mux trees.
  Evaluating internal representation of mux trees.
  Analyzing evaluation results.
Running muxtree optimizer on module $paramod\logic_unit\width=s32'00000000000000000000000000001000..
  Creating internal representation of mux trees.
  Evaluating internal representation of mux trees.
  Analyzing evaluation results.
Running muxtree optimizer on module $paramod\shift_unit\width=s32'00000000000000000000000000001000..
  Creating internal representation of mux trees.
  Evaluating internal representation of mux trees.
  Analyzing evaluation results.
Running muxtree optimizer on module \alu..
  Creating internal representation of mux trees.
  Evaluating internal representation of mux trees.
  Analyzing evaluation results.
Removed 0 multiplexer ports.
<suppressed ~10 debug messages>

5.6.11. Executing OPT_REDUCE pass (consolidate $*mux and $reduce_* inputs).
  Optimizing cells in module $paramod\arith_unit\width=s32'00000000000000000000000000001000.
  Optimizing cells in module $paramod\logic_unit\width=s32'00000000000000000000000000001000.
  Optimizing cells in module $paramod\shift_unit\width=s32'00000000000000000000000000001000.
  Optimizing cells in module \alu.
Performed a total of 0 changes.

5.6.12. Executing OPT_MERGE pass (detect identical cells).
Finding identical cells in module `$paramod\arith_unit\width=s32'00000000000000000000000000001000'.
Finding identical cells in module `$paramod\logic_unit\width=s32'00000000000000000000000000001000'.
Finding identical cells in module `$paramod\shift_unit\width=s32'00000000000000000000000000001000'.
Finding identical cells in module `\alu'.
Removed a total of 0 cells.

5.6.13. Executing OPT_DFF pass (perform DFF optimizations).

5.6.14. Executing OPT_CLEAN pass (remove unused cells and wires).
Finding unused cells or wires in module $paramod\arith_unit\width=s32'00000000000000000000000000001000..
Finding unused cells or wires in module $paramod\logic_unit\width=s32'00000000000000000000000000001000..
Finding unused cells or wires in module $paramod\shift_unit\width=s32'00000000000000000000000000001000..
Finding unused cells or wires in module \alu..

5.6.15. Executing OPT_EXPR pass (perform const folding).
Optimizing module $paramod\arith_unit\width=s32'00000000000000000000000000001000.
Optimizing module $paramod\logic_unit\width=s32'00000000000000000000000000001000.
Optimizing module $paramod\shift_unit\width=s32'00000000000000000000000000001000.
Optimizing module alu.

5.6.16. Finished OPT passes. (There is nothing left to do.)

5.7. Executing FSM pass (extract and optimize FSM).

5.7.1. Executing FSM_DETECT pass (finding FSMs in design).

5.7.2. Executing FSM_EXTRACT pass (extracting FSM from design).

5.7.3. Executing FSM_OPT pass (simple optimizations of FSMs).

5.7.4. Executing OPT_CLEAN pass (remove unused cells and wires).
Finding unused cells or wires in module $paramod\arith_unit\width=s32'00000000000000000000000000001000..
Finding unused cells or wires in module $paramod\logic_unit\width=s32'00000000000000000000000000001000..
Finding unused cells or wires in module $paramod\shift_unit\width=s32'00000000000000000000000000001000..
Finding unused cells or wires in module \alu..

5.7.5. Executing FSM_OPT pass (simple optimizations of FSMs).

5.7.6. Executing FSM_RECODE pass (re-assigning FSM state encoding).

5.7.7. Executing FSM_INFO pass (dumping all available information on FSM cells).

5.7.8. Executing FSM_MAP pass (mapping FSMs to basic logic).

5.8. Executing OPT pass (performing simple optimizations).

5.8.1. Executing OPT_EXPR pass (perform const folding).
Optimizing module $paramod\arith_unit\width=s32'00000000000000000000000000001000.
Optimizing module $paramod\logic_unit\width=s32'00000000000000000000000000001000.
Optimizing module $paramod\shift_unit\width=s32'00000000000000000000000000001000.
Optimizing module alu.

5.8.2. Executing OPT_MERGE pass (detect identical cells).
Finding identical cells in module `$paramod\arith_unit\width=s32'00000000000000000000000000001000'.
Finding identical cells in module `$paramod\logic_unit\width=s32'00000000000000000000000000001000'.
Finding identical cells in module `$paramod\shift_unit\width=s32'00000000000000000000000000001000'.
Finding identical cells in module `\alu'.
Removed a total of 0 cells.

5.8.3. Executing OPT_MUXTREE pass (detect dead branches in mux trees).
Running muxtree optimizer on module $paramod\arith_unit\width=s32'00000000000000000000000000001000..
  Creating internal representation of mux trees.
  Evaluating internal representation of mux trees.
  Analyzing evaluation results.
Running muxtree optimizer on module $paramod\logic_unit\width=s32'00000000000000000000000000001000..
  Creating internal representation of mux trees.
  Evaluating internal representation of mux trees.
  Analyzing evaluation results.
Running muxtree optimizer on module $paramod\shift_unit\width=s32'00000000000000000000000000001000..
  Creating internal representation of mux trees.
  Evaluating internal representation of mux trees.
  Analyzing evaluation results.
Running muxtree optimizer on module \alu..
  Creating internal representation of mux trees.
  Evaluating internal representation of mux trees.
  Analyzing evaluation results.
Removed 0 multiplexer ports.
<suppressed ~10 debug messages>

5.8.4. Executing OPT_REDUCE pass (consolidate $*mux and $reduce_* inputs).
  Optimizing cells in module $paramod\arith_unit\width=s32'00000000000000000000000000001000.
  Optimizing cells in module $paramod\logic_unit\width=s32'00000000000000000000000000001000.
  Optimizing cells in module $paramod\shift_unit\width=s32'00000000000000000000000000001000.
  Optimizing cells in module \alu.
Performed a total of 0 changes.

5.8.5. Executing OPT_MERGE pass (detect identical cells).
Finding identical cells in module `$paramod\arith_unit\width=s32'00000000000000000000000000001000'.
Finding identical cells in module `$paramod\logic_unit\width=s32'00000000000000000000000000001000'.
Finding identical cells in module `$paramod\shift_unit\width=s32'00000000000000000000000000001000'.
Finding identical cells in module `\alu'.
Removed a total of 0 cells.

5.8.6. Executing OPT_DFF pass (perform DFF optimizations).

5.8.7. Executing OPT_CLEAN pass (remove unused cells and wires).
Finding unused cells or wires in module $paramod\arith_unit\width=s32'00000000000000000000000000001000..
Finding unused cells or wires in module $paramod\logic_unit\width=s32'00000000000000000000000000001000..
Finding unused cells or wires in module $paramod\shift_unit\width=s32'00000000000000000000000000001000..
Finding unused cells or wires in module \alu..

5.8.8. Executing OPT_EXPR pass (perform const folding).
Optimizing module $paramod\arith_unit\width=s32'00000000000000000000000000001000.
Optimizing module $paramod\logic_unit\width=s32'00000000000000000000000000001000.
Optimizing module $paramod\shift_unit\width=s32'00000000000000000000000000001000.
Optimizing module alu.

5.8.9. Finished OPT passes. (There is nothing left to do.)

5.9. Executing WREDUCE pass (reducing word size of cells).
Removed top 1 bits (of 9) from port A of cell $paramod\arith_unit\width=s32'00000000000000000000000000001000.$add$/home/teekam/rtl-desgin-verilog/rtl/alu/arith_unit.v:18$54 ($add).
Removed top 1 bits (of 9) from port B of cell $paramod\arith_unit\width=s32'00000000000000000000000000001000.$add$/home/teekam/rtl-desgin-verilog/rtl/alu/arith_unit.v:18$54 ($add).
Removed top 1 bits (of 3) from port B of cell $paramod\logic_unit\width=s32'00000000000000000000000000001000.$procmux$92_CMP0 ($eq).
Removed top 1 bits (of 3) from port B of cell $paramod\logic_unit\width=s32'00000000000000000000000000001000.$procmux$93_CMP0 ($eq).
Removed top 2 bits (of 3) from port B of cell $paramod\logic_unit\width=s32'00000000000000000000000000001000.$procmux$94_CMP0 ($eq).
Removed top 1 bits (of 4) from port B of cell alu.$procmux$76_CMP5 ($eq).
Removed top 1 bits (of 4) from port B of cell alu.$procmux$76_CMP4 ($eq).
Removed top 1 bits (of 4) from port B of cell alu.$procmux$76_CMP3 ($eq).
Removed top 1 bits (of 4) from port B of cell alu.$procmux$76_CMP2 ($eq).
Removed top 2 bits (of 4) from port B of cell alu.$procmux$76_CMP1 ($eq).
Removed top 2 bits (of 4) from port B of cell alu.$procmux$76_CMP0 ($eq).
Removed top 3 bits (of 4) from port B of cell alu.$eq$/home/teekam/rtl-desgin-verilog/rtl/alu/alu.v:35$23 ($eq).

5.10. Executing PEEPOPT pass (run peephole optimizers).

5.11. Executing OPT_CLEAN pass (remove unused cells and wires).
Finding unused cells or wires in module $paramod\arith_unit\width=s32'00000000000000000000000000001000..
Finding unused cells or wires in module $paramod\logic_unit\width=s32'00000000000000000000000000001000..
Finding unused cells or wires in module $paramod\shift_unit\width=s32'00000000000000000000000000001000..
Finding unused cells or wires in module \alu..

5.12. Executing ALUMACC pass (create $alu and $macc cells).
Extracting $alu and $macc cells in module $paramod\arith_unit\width=s32'00000000000000000000000000001000:
  creating $macc model for $add$/home/teekam/rtl-desgin-verilog/rtl/alu/arith_unit.v:18$54 ($add).
  creating $macc model for $add$/home/teekam/rtl-desgin-verilog/rtl/alu/arith_unit.v:18$55 ($add).
  merging $macc model for $add$/home/teekam/rtl-desgin-verilog/rtl/alu/arith_unit.v:18$54 into $add$/home/teekam/rtl-desgin-verilog/rtl/alu/arith_unit.v:18$55.
  creating $alu model for $macc $add$/home/teekam/rtl-desgin-verilog/rtl/alu/arith_unit.v:18$55.
  creating $alu cell for $add$/home/teekam/rtl-desgin-verilog/rtl/alu/arith_unit.v:18$55: $auto$alumacc.cc:485:replace_alu$112
  created 1 $alu and 0 $macc cells.
Extracting $alu and $macc cells in module $paramod\logic_unit\width=s32'00000000000000000000000000001000:
  created 0 $alu and 0 $macc cells.
Extracting $alu and $macc cells in module $paramod\shift_unit\width=s32'00000000000000000000000000001000:
  created 0 $alu and 0 $macc cells.
Extracting $alu and $macc cells in module alu:
  created 0 $alu and 0 $macc cells.

5.13. Executing SHARE pass (SAT-based resource sharing).

5.14. Executing OPT pass (performing simple optimizations).

5.14.1. Executing OPT_EXPR pass (perform const folding).
Optimizing module $paramod\arith_unit\width=s32'00000000000000000000000000001000.
Optimizing module $paramod\logic_unit\width=s32'00000000000000000000000000001000.
Optimizing module $paramod\shift_unit\width=s32'00000000000000000000000000001000.
Optimizing module alu.

5.14.2. Executing OPT_MERGE pass (detect identical cells).
Finding identical cells in module `$paramod\arith_unit\width=s32'00000000000000000000000000001000'.
Finding identical cells in module `$paramod\logic_unit\width=s32'00000000000000000000000000001000'.
Finding identical cells in module `$paramod\shift_unit\width=s32'00000000000000000000000000001000'.
Finding identical cells in module `\alu'.
Removed a total of 0 cells.

5.14.3. Executing OPT_MUXTREE pass (detect dead branches in mux trees).
Running muxtree optimizer on module $paramod\arith_unit\width=s32'00000000000000000000000000001000..
  Creating internal representation of mux trees.
  Evaluating internal representation of mux trees.
  Analyzing evaluation results.
Running muxtree optimizer on module $paramod\logic_unit\width=s32'00000000000000000000000000001000..
  Creating internal representation of mux trees.
  Evaluating internal representation of mux trees.
  Analyzing evaluation results.
Running muxtree optimizer on module $paramod\shift_unit\width=s32'00000000000000000000000000001000..
  Creating internal representation of mux trees.
  Evaluating internal representation of mux trees.
  Analyzing evaluation results.
Running muxtree optimizer on module \alu..
  Creating internal representation of mux trees.
  Evaluating internal representation of mux trees.
  Analyzing evaluation results.
Removed 0 multiplexer ports.
<suppressed ~10 debug messages>

5.14.4. Executing OPT_REDUCE pass (consolidate $*mux and $reduce_* inputs).
  Optimizing cells in module $paramod\arith_unit\width=s32'00000000000000000000000000001000.
  Optimizing cells in module $paramod\logic_unit\width=s32'00000000000000000000000000001000.
  Optimizing cells in module $paramod\shift_unit\width=s32'00000000000000000000000000001000.
  Optimizing cells in module \alu.
Performed a total of 0 changes.

5.14.5. Executing OPT_MERGE pass (detect identical cells).
Finding identical cells in module `$paramod\arith_unit\width=s32'00000000000000000000000000001000'.
Finding identical cells in module `$paramod\logic_unit\width=s32'00000000000000000000000000001000'.
Finding identical cells in module `$paramod\shift_unit\width=s32'00000000000000000000000000001000'.
Finding identical cells in module `\alu'.
Removed a total of 0 cells.

5.14.6. Executing OPT_DFF pass (perform DFF optimizations).

5.14.7. Executing OPT_CLEAN pass (remove unused cells and wires).
Finding unused cells or wires in module $paramod\arith_unit\width=s32'00000000000000000000000000001000..
Finding unused cells or wires in module $paramod\logic_unit\width=s32'00000000000000000000000000001000..
Finding unused cells or wires in module $paramod\shift_unit\width=s32'00000000000000000000000000001000..
Finding unused cells or wires in module \alu..
Removed 1 unused cells and 1 unused wires.
<suppressed ~2 debug messages>

5.14.8. Executing OPT_EXPR pass (perform const folding).
Optimizing module $paramod\arith_unit\width=s32'00000000000000000000000000001000.
Optimizing module $paramod\logic_unit\width=s32'00000000000000000000000000001000.
Optimizing module $paramod\shift_unit\width=s32'00000000000000000000000000001000.
Optimizing module alu.

5.14.9. Rerunning OPT passes. (Maybe there is more to do..)

5.14.10. Executing OPT_MUXTREE pass (detect dead branches in mux trees).
Running muxtree optimizer on module $paramod\arith_unit\width=s32'00000000000000000000000000001000..
  Creating internal representation of mux trees.
  Evaluating internal representation of mux trees.
  Analyzing evaluation results.
Running muxtree optimizer on module $paramod\logic_unit\width=s32'00000000000000000000000000001000..
  Creating internal representation of mux trees.
  Evaluating internal representation of mux trees.
  Analyzing evaluation results.
Running muxtree optimizer on module $paramod\shift_unit\width=s32'00000000000000000000000000001000..
  Creating internal representation of mux trees.
  Evaluating internal representation of mux trees.
  Analyzing evaluation results.
Running muxtree optimizer on module \alu..
  Creating internal representation of mux trees.
  Evaluating internal representation of mux trees.
  Analyzing evaluation results.
Removed 0 multiplexer ports.
<suppressed ~10 debug messages>

5.14.11. Executing OPT_REDUCE pass (consolidate $*mux and $reduce_* inputs).
  Optimizing cells in module $paramod\arith_unit\width=s32'00000000000000000000000000001000.
  Optimizing cells in module $paramod\logic_unit\width=s32'00000000000000000000000000001000.
  Optimizing cells in module $paramod\shift_unit\width=s32'00000000000000000000000000001000.
  Optimizing cells in module \alu.
Performed a total of 0 changes.

5.14.12. Executing OPT_MERGE pass (detect identical cells).
Finding identical cells in module `$paramod\arith_unit\width=s32'00000000000000000000000000001000'.
Finding identical cells in module `$paramod\logic_unit\width=s32'00000000000000000000000000001000'.
Finding identical cells in module `$paramod\shift_unit\width=s32'00000000000000000000000000001000'.
Finding identical cells in module `\alu'.
Removed a total of 0 cells.

5.14.13. Executing OPT_DFF pass (perform DFF optimizations).

5.14.14. Executing OPT_CLEAN pass (remove unused cells and wires).
Finding unused cells or wires in module $paramod\arith_unit\width=s32'00000000000000000000000000001000..
Finding unused cells or wires in module $paramod\logic_unit\width=s32'00000000000000000000000000001000..
Finding unused cells or wires in module $paramod\shift_unit\width=s32'00000000000000000000000000001000..
Finding unused cells or wires in module \alu..

5.14.15. Executing OPT_EXPR pass (perform const folding).
Optimizing module $paramod\arith_unit\width=s32'00000000000000000000000000001000.
Optimizing module $paramod\logic_unit\width=s32'00000000000000000000000000001000.
Optimizing module $paramod\shift_unit\width=s32'00000000000000000000000000001000.
Optimizing module alu.

5.14.16. Finished OPT passes. (There is nothing left to do.)

5.15. Executing MEMORY pass.

5.15.1. Executing OPT_MEM pass (optimize memories).
Performed a total of 0 transformations.

5.15.2. Executing OPT_MEM_PRIORITY pass (removing unnecessary memory write priority relations).
Performed a total of 0 transformations.

5.15.3. Executing OPT_MEM_FEEDBACK pass (finding memory read-to-write feedback paths).

5.15.4. Executing MEMORY_BMUX2ROM pass (converting muxes to ROMs).

5.15.5. Executing MEMORY_DFF pass (merging $dff cells to $memrd).

5.15.6. Executing OPT_CLEAN pass (remove unused cells and wires).
Finding unused cells or wires in module $paramod\arith_unit\width=s32'00000000000000000000000000001000..
Finding unused cells or wires in module $paramod\logic_unit\width=s32'00000000000000000000000000001000..
Finding unused cells or wires in module $paramod\shift_unit\width=s32'00000000000000000000000000001000..
Finding unused cells or wires in module \alu..

5.15.7. Executing MEMORY_SHARE pass (consolidating $memrd/$memwr cells).

5.15.8. Executing OPT_MEM_WIDEN pass (optimize memories where all ports are wide).
Performed a total of 0 transformations.

5.15.9. Executing OPT_CLEAN pass (remove unused cells and wires).
Finding unused cells or wires in module $paramod\arith_unit\width=s32'00000000000000000000000000001000..
Finding unused cells or wires in module $paramod\logic_unit\width=s32'00000000000000000000000000001000..
Finding unused cells or wires in module $paramod\shift_unit\width=s32'00000000000000000000000000001000..
Finding unused cells or wires in module \alu..

5.15.10. Executing MEMORY_COLLECT pass (generating $mem cells).

5.16. Executing OPT_CLEAN pass (remove unused cells and wires).
Finding unused cells or wires in module $paramod\arith_unit\width=s32'00000000000000000000000000001000..
Finding unused cells or wires in module $paramod\logic_unit\width=s32'00000000000000000000000000001000..
Finding unused cells or wires in module $paramod\shift_unit\width=s32'00000000000000000000000000001000..
Finding unused cells or wires in module \alu..

5.17. Executing OPT pass (performing simple optimizations).

5.17.1. Executing OPT_EXPR pass (perform const folding).
Optimizing module $paramod\arith_unit\width=s32'00000000000000000000000000001000.
Optimizing module $paramod\logic_unit\width=s32'00000000000000000000000000001000.
Optimizing module $paramod\shift_unit\width=s32'00000000000000000000000000001000.
Optimizing module alu.
<suppressed ~1 debug messages>

5.17.2. Executing OPT_MERGE pass (detect identical cells).
Finding identical cells in module `$paramod\arith_unit\width=s32'00000000000000000000000000001000'.
Finding identical cells in module `$paramod\logic_unit\width=s32'00000000000000000000000000001000'.
Finding identical cells in module `$paramod\shift_unit\width=s32'00000000000000000000000000001000'.
Finding identical cells in module `\alu'.
Removed a total of 0 cells.

5.17.3. Executing OPT_DFF pass (perform DFF optimizations).

5.17.4. Executing OPT_CLEAN pass (remove unused cells and wires).
Finding unused cells or wires in module $paramod\arith_unit\width=s32'00000000000000000000000000001000..
Finding unused cells or wires in module $paramod\logic_unit\width=s32'00000000000000000000000000001000..
Finding unused cells or wires in module $paramod\shift_unit\width=s32'00000000000000000000000000001000..
Finding unused cells or wires in module \alu..

5.17.5. Finished fast OPT passes.

5.18. Executing MEMORY_MAP pass (converting memories to logic and flip-flops).

5.19. Executing OPT pass (performing simple optimizations).

5.19.1. Executing OPT_EXPR pass (perform const folding).
Optimizing module $paramod\arith_unit\width=s32'00000000000000000000000000001000.
Optimizing module $paramod\logic_unit\width=s32'00000000000000000000000000001000.
Optimizing module $paramod\shift_unit\width=s32'00000000000000000000000000001000.
Optimizing module alu.

5.19.2. Executing OPT_MERGE pass (detect identical cells).
Finding identical cells in module `$paramod\arith_unit\width=s32'00000000000000000000000000001000'.
Finding identical cells in module `$paramod\logic_unit\width=s32'00000000000000000000000000001000'.
Finding identical cells in module `$paramod\shift_unit\width=s32'00000000000000000000000000001000'.
Finding identical cells in module `\alu'.
Removed a total of 0 cells.

5.19.3. Executing OPT_MUXTREE pass (detect dead branches in mux trees).
Running muxtree optimizer on module $paramod\arith_unit\width=s32'00000000000000000000000000001000..
  Creating internal representation of mux trees.
  Evaluating internal representation of mux trees.
  Analyzing evaluation results.
Running muxtree optimizer on module $paramod\logic_unit\width=s32'00000000000000000000000000001000..
  Creating internal representation of mux trees.
  Evaluating internal representation of mux trees.
  Analyzing evaluation results.
Running muxtree optimizer on module $paramod\shift_unit\width=s32'00000000000000000000000000001000..
  Creating internal representation of mux trees.
  Evaluating internal representation of mux trees.
  Analyzing evaluation results.
Running muxtree optimizer on module \alu..
  Creating internal representation of mux trees.
  Evaluating internal representation of mux trees.
  Analyzing evaluation results.
Removed 0 multiplexer ports.
<suppressed ~9 debug messages>

5.19.4. Executing OPT_REDUCE pass (consolidate $*mux and $reduce_* inputs).
  Optimizing cells in module $paramod\arith_unit\width=s32'00000000000000000000000000001000.
  Optimizing cells in module $paramod\logic_unit\width=s32'00000000000000000000000000001000.
  Optimizing cells in module $paramod\shift_unit\width=s32'00000000000000000000000000001000.
  Optimizing cells in module \alu.
Performed a total of 0 changes.

5.19.5. Executing OPT_MERGE pass (detect identical cells).
Finding identical cells in module `$paramod\arith_unit\width=s32'00000000000000000000000000001000'.
Finding identical cells in module `$paramod\logic_unit\width=s32'00000000000000000000000000001000'.
Finding identical cells in module `$paramod\shift_unit\width=s32'00000000000000000000000000001000'.
Finding identical cells in module `\alu'.
Removed a total of 0 cells.

5.19.6. Executing OPT_SHARE pass.

5.19.7. Executing OPT_DFF pass (perform DFF optimizations).

5.19.8. Executing OPT_CLEAN pass (remove unused cells and wires).
Finding unused cells or wires in module $paramod\arith_unit\width=s32'00000000000000000000000000001000..
Finding unused cells or wires in module $paramod\logic_unit\width=s32'00000000000000000000000000001000..
Finding unused cells or wires in module $paramod\shift_unit\width=s32'00000000000000000000000000001000..
Finding unused cells or wires in module \alu..

5.19.9. Executing OPT_EXPR pass (perform const folding).
Optimizing module $paramod\arith_unit\width=s32'00000000000000000000000000001000.
Optimizing module $paramod\logic_unit\width=s32'00000000000000000000000000001000.
Optimizing module $paramod\shift_unit\width=s32'00000000000000000000000000001000.
Optimizing module alu.

5.19.10. Finished OPT passes. (There is nothing left to do.)

5.20. Executing TECHMAP pass (map to technology primitives).

5.20.1. Executing Verilog-2005 frontend: /usr/bin/../share/yosys/techmap.v
Parsing Verilog input from `/usr/bin/../share/yosys/techmap.v' to AST representation.
Generating RTLIL representation for module `\_90_simplemap_bool_ops'.
Generating RTLIL representation for module `\_90_simplemap_reduce_ops'.
Generating RTLIL representation for module `\_90_simplemap_logic_ops'.
Generating RTLIL representation for module `\_90_simplemap_compare_ops'.
Generating RTLIL representation for module `\_90_simplemap_various'.
Generating RTLIL representation for module `\_90_simplemap_registers'.
Generating RTLIL representation for module `\_90_shift_ops_shr_shl_sshl_sshr'.
Generating RTLIL representation for module `\_90_shift_shiftx'.
Generating RTLIL representation for module `\_90_fa'.
Generating RTLIL representation for module `\_90_lcu'.
Generating RTLIL representation for module `\_90_alu'.
Generating RTLIL representation for module `\_90_macc'.
Generating RTLIL representation for module `\_90_alumacc'.
Generating RTLIL representation for module `\$__div_mod_u'.
Generating RTLIL representation for module `\$__div_mod_trunc'.
Generating RTLIL representation for module `\_90_div'.
Generating RTLIL representation for module `\_90_mod'.
Generating RTLIL representation for module `\$__div_mod_floor'.
Generating RTLIL representation for module `\_90_divfloor'.
Generating RTLIL representation for module `\_90_modfloor'.
Generating RTLIL representation for module `\_90_pow'.
Generating RTLIL representation for module `\_90_pmux'.
Generating RTLIL representation for module `\_90_demux'.
Generating RTLIL representation for module `\_90_lut'.
Successfully finished Verilog frontend.

5.20.2. Continuing TECHMAP pass.
Using template $paramod$c5c783b17ab1d780abfad8cfe6563a0a7b47a3b0\_90_pmux for cells of type $pmux.
Using extmapper simplemap for cells of type $and.
Using extmapper simplemap for cells of type $logic_not.
Using extmapper simplemap for cells of type $reduce_or.
Using extmapper simplemap for cells of type $eq.
Using template $paramod$645fe0cc96ae5edb83bff90cc2c78f4a20ca3e3c\_90_pmux for cells of type $pmux.
Using template $paramod$57f63e8a3282e053be0430389b09fa050ac7dca0\_90_pmux for cells of type $pmux.
Using extmapper simplemap for cells of type $logic_or.
Using extmapper simplemap for cells of type $not.
Using extmapper simplemap for cells of type $mux.
Using extmapper simplemap for cells of type $or.
Using extmapper simplemap for cells of type $xor.
Using template $paramod$d7387fdb214042e5ef2d69a3f74948694b4bb65e\_90_pmux for cells of type $pmux.
Using template $paramod$4ccbe221165818e15f326ddee3d1183c7924e12f\_90_alu for cells of type $alu.
Using extmapper simplemap for cells of type $ne.
Using extmapper simplemap for cells of type $logic_and.
Using template $paramod\_90_lcu\WIDTH=32'00000000000000000000000000001001 for cells of type $lcu.
Using extmapper simplemap for cells of type $pos.
No more expansions possible.
<suppressed ~392 debug messages>

5.21. Executing OPT pass (performing simple optimizations).

5.21.1. Executing OPT_EXPR pass (perform const folding).
Optimizing module $paramod\arith_unit\width=s32'00000000000000000000000000001000.
<suppressed ~16 debug messages>
Optimizing module $paramod\logic_unit\width=s32'00000000000000000000000000001000.
<suppressed ~18 debug messages>
Optimizing module $paramod\shift_unit\width=s32'00000000000000000000000000001000.
Optimizing module alu.
<suppressed ~73 debug messages>

5.21.2. Executing OPT_MERGE pass (detect identical cells).
Finding identical cells in module `$paramod\arith_unit\width=s32'00000000000000000000000000001000'.
<suppressed ~3 debug messages>
Finding identical cells in module `$paramod\logic_unit\width=s32'00000000000000000000000000001000'.
<suppressed ~27 debug messages>
Finding identical cells in module `$paramod\shift_unit\width=s32'00000000000000000000000000001000'.
Finding identical cells in module `\alu'.
<suppressed ~108 debug messages>
Removed a total of 46 cells.

5.21.3. Executing OPT_DFF pass (perform DFF optimizations).

5.21.4. Executing OPT_CLEAN pass (remove unused cells and wires).
Finding unused cells or wires in module $paramod\arith_unit\width=s32'00000000000000000000000000001000..
Finding unused cells or wires in module $paramod\logic_unit\width=s32'00000000000000000000000000001000..
Finding unused cells or wires in module $paramod\shift_unit\width=s32'00000000000000000000000000001000..
Finding unused cells or wires in module \alu..
Removed 8 unused cells and 220 unused wires.
<suppressed ~11 debug messages>

5.21.5. Finished fast OPT passes.

5.22. Executing ABC pass (technology mapping using ABC).

5.22.1. Extracting gate netlist of module `$paramod\arith_unit\width=s32'00000000000000000000000000001000' to `<abc-temp-dir>/input.blif'..
Extracted 71 gates and 88 wires to a netlist network with 17 inputs and 10 outputs.

5.22.1.1. Executing ABC.
Running ABC command: "<yosys-exe-dir>/yosys-abc" -s -f <abc-temp-dir>/abc.script 2>&1
ABC: ABC command line: "source <abc-temp-dir>/abc.script".
ABC: 
ABC: + read_blif <abc-temp-dir>/input.blif 
ABC: + read_library <abc-temp-dir>/stdcells.genlib 
ABC: Entered genlib library with 13 gates from file "<abc-temp-dir>/stdcells.genlib".
ABC: + strash 
ABC: + dretime 
ABC: + map 
ABC: + write_blif <abc-temp-dir>/output.blif 

5.22.1.2. Re-integrating ABC results.
ABC RESULTS:               NOT cells:        5
ABC RESULTS:               MUX cells:        1
ABC RESULTS:            ANDNOT cells:       15
ABC RESULTS:                OR cells:        7
ABC RESULTS:              XNOR cells:       10
ABC RESULTS:               NOR cells:        6
ABC RESULTS:             ORNOT cells:        6
ABC RESULTS:               XOR cells:       15
ABC RESULTS:        internal signals:       61
ABC RESULTS:           input signals:       17
ABC RESULTS:          output signals:       10
Removing temp directory.

5.22.2. Extracting gate netlist of module `$paramod\logic_unit\width=s32'00000000000000000000000000001000' to `<abc-temp-dir>/input.blif'..
Extracted 195 gates and 215 wires to a netlist network with 19 inputs and 8 outputs.

5.22.2.1. Executing ABC.
Running ABC command: "<yosys-exe-dir>/yosys-abc" -s -f <abc-temp-dir>/abc.script 2>&1
ABC: ABC command line: "source <abc-temp-dir>/abc.script".
ABC: 
ABC: + read_blif <abc-temp-dir>/input.blif 
ABC: + read_library <abc-temp-dir>/stdcells.genlib 
ABC: Entered genlib library with 13 gates from file "<abc-temp-dir>/stdcells.genlib".
ABC: + strash 
ABC: + dretime 
ABC: + map 
ABC: + write_blif <abc-temp-dir>/output.blif 

5.22.2.2. Re-integrating ABC results.
ABC RESULTS:               NOT cells:        1
ABC RESULTS:               XOR cells:        1
ABC RESULTS:             ORNOT cells:        3
ABC RESULTS:              XNOR cells:        7
ABC RESULTS:               NOR cells:        8
ABC RESULTS:              NAND cells:        8
ABC RESULTS:               AND cells:       26
ABC RESULTS:                OR cells:       42
ABC RESULTS:            ANDNOT cells:       58
ABC RESULTS:        internal signals:      188
ABC RESULTS:           input signals:       19
ABC RESULTS:          output signals:        8
Removing temp directory.

5.22.3. Extracting gate netlist of module `$paramod\shift_unit\width=s32'00000000000000000000000000001000' to `<abc-temp-dir>/input.blif'..
Extracted 9 gates and 19 wires to a netlist network with 9 inputs and 9 outputs.

5.22.3.1. Executing ABC.
Running ABC command: "<yosys-exe-dir>/yosys-abc" -s -f <abc-temp-dir>/abc.script 2>&1
ABC: ABC command line: "source <abc-temp-dir>/abc.script".
ABC: 
ABC: + read_blif <abc-temp-dir>/input.blif 
ABC: + read_library <abc-temp-dir>/stdcells.genlib 
ABC: Entered genlib library with 13 gates from file "<abc-temp-dir>/stdcells.genlib".
ABC: + strash 
ABC: + dretime 
ABC: + map 
ABC: + write_blif <abc-temp-dir>/output.blif 

5.22.3.2. Re-integrating ABC results.
ABC RESULTS:               AND cells:        1
ABC RESULTS:               MUX cells:        7
ABC RESULTS:            ANDNOT cells:        1
ABC RESULTS:        internal signals:        1
ABC RESULTS:           input signals:        9
ABC RESULTS:          output signals:        9
Removing temp directory.

5.22.4. Extracting gate netlist of module `\alu' to `<abc-temp-dir>/input.blif'..
Extracted 131 gates and 163 wires to a netlist network with 31 inputs and 17 outputs.

5.22.4.1. Executing ABC.
Running ABC command: "<yosys-exe-dir>/yosys-abc" -s -f <abc-temp-dir>/abc.script 2>&1
ABC: ABC command line: "source <abc-temp-dir>/abc.script".
ABC: 
ABC: + read_blif <abc-temp-dir>/input.blif 
ABC: + read_library <abc-temp-dir>/stdcells.genlib 
ABC: Entered genlib library with 13 gates from file "<abc-temp-dir>/stdcells.genlib".
ABC: + strash 
ABC: + dretime 
ABC: + map 
ABC: + write_blif <abc-temp-dir>/output.blif 

5.22.4.2. Re-integrating ABC results.
ABC RESULTS:              NAND cells:        2
ABC RESULTS:             ORNOT cells:       11
ABC RESULTS:               MUX cells:        2
ABC RESULTS:               AND cells:        3
ABC RESULTS:                OR cells:       24
ABC RESULTS:               NOR cells:        8
ABC RESULTS:            ANDNOT cells:       63
ABC RESULTS:        internal signals:      115
ABC RESULTS:           input signals:       31
ABC RESULTS:          output signals:       17
Removing temp directory.

5.23. Executing OPT pass (performing simple optimizations).

5.23.1. Executing OPT_EXPR pass (perform const folding).
Optimizing module $paramod\arith_unit\width=s32'00000000000000000000000000001000.
Optimizing module $paramod\logic_unit\width=s32'00000000000000000000000000001000.
Optimizing module $paramod\shift_unit\width=s32'00000000000000000000000000001000.
Optimizing module alu.

5.23.2. Executing OPT_MERGE pass (detect identical cells).
Finding identical cells in module `$paramod\arith_unit\width=s32'00000000000000000000000000001000'.
Finding identical cells in module `$paramod\logic_unit\width=s32'00000000000000000000000000001000'.
Finding identical cells in module `$paramod\shift_unit\width=s32'00000000000000000000000000001000'.
Finding identical cells in module `\alu'.
Removed a total of 0 cells.

5.23.3. Executing OPT_DFF pass (perform DFF optimizations).

5.23.4. Executing OPT_CLEAN pass (remove unused cells and wires).
Finding unused cells or wires in module $paramod\arith_unit\width=s32'00000000000000000000000000001000..
Finding unused cells or wires in module $paramod\logic_unit\width=s32'00000000000000000000000000001000..
Finding unused cells or wires in module $paramod\shift_unit\width=s32'00000000000000000000000000001000..
Finding unused cells or wires in module \alu..
Removed 0 unused cells and 245 unused wires.
<suppressed ~5 debug messages>

5.23.5. Finished fast OPT passes.

5.24. Executing HIERARCHY pass (managing design hierarchy).

5.24.1. Analyzing design hierarchy..
Top module:  \alu
Used module:     $paramod\arith_unit\width=s32'00000000000000000000000000001000
Used module:     $paramod\logic_unit\width=s32'00000000000000000000000000001000
Used module:     $paramod\shift_unit\width=s32'00000000000000000000000000001000

5.24.2. Analyzing design hierarchy..
Top module:  \alu
Used module:     $paramod\arith_unit\width=s32'00000000000000000000000000001000
Used module:     $paramod\logic_unit\width=s32'00000000000000000000000000001000
Used module:     $paramod\shift_unit\width=s32'00000000000000000000000000001000
Removed 0 unused modules.

5.25. Printing statistics.

=== $paramod\arith_unit\width=s32'00000000000000000000000000001000 ===

   Number of wires:                 63
   Number of wire bits:             92
   Number of public wires:           8
   Number of public wire bits:      37
   Number of memories:               0
   Number of memory bits:            0
   Number of processes:              0
   Number of cells:                 65
     $_ANDNOT_                      15
     $_MUX_                          1
     $_NOR_                          6
     $_NOT_                          5
     $_ORNOT_                        6
     $_OR_                           7
     $_XNOR_                        10
     $_XOR_                         15

=== $paramod\logic_unit\width=s32'00000000000000000000000000001000 ===

   Number of wires:                150
   Number of wire bits:            173
   Number of public wires:           4
   Number of public wire bits:      27
   Number of memories:               0
   Number of memory bits:            0
   Number of processes:              0
   Number of cells:                154
     $_ANDNOT_                      58
     $_AND_                         26
     $_NAND_                         8
     $_NOR_                          8
     $_NOT_                          1
     $_ORNOT_                        3
     $_OR_                          42
     $_XNOR_                         7
     $_XOR_                          1

=== $paramod\shift_unit\width=s32'00000000000000000000000000001000 ===

   Number of wires:                  4
   Number of wire bits:             18
   Number of public wires:           4
   Number of public wire bits:      18
   Number of memories:               0
   Number of memory bits:            0
   Number of processes:              0
   Number of cells:                  9
     $_ANDNOT_                       1
     $_AND_                          1
     $_MUX_                          7

=== alu ===

   Number of wires:                113
   Number of wire bits:            160
   Number of public wires:          15
   Number of public wire bits:      62
   Number of memories:               0
   Number of memory bits:            0
   Number of processes:              0
   Number of cells:                116
     $_ANDNOT_                      63
     $_AND_                          3
     $_MUX_                          2
     $_NAND_                         2
     $_NOR_                          8
     $_ORNOT_                       11
     $_OR_                          24
     $paramod\arith_unit\width=s32'00000000000000000000000000001000      1
     $paramod\logic_unit\width=s32'00000000000000000000000000001000      1
     $paramod\shift_unit\width=s32'00000000000000000000000000001000      1

=== design hierarchy ===

   alu                               1
     $paramod\arith_unit\width=s32'00000000000000000000000000001000      1
     $paramod\logic_unit\width=s32'00000000000000000000000000001000      1
     $paramod\shift_unit\width=s32'00000000000000000000000000001000      1

   Number of wires:                330
   Number of wire bits:            443
   Number of public wires:          31
   Number of public wire bits:     144
   Number of memories:               0
   Number of memory bits:            0
   Number of processes:              0
   Number of cells:                341
     $_ANDNOT_                     137
     $_AND_                         30
     $_MUX_                         10
     $_NAND_                        10
     $_NOR_                         22
     $_NOT_                          6
     $_ORNOT_                       20
     $_OR_                          73
     $_XNOR_                        17
     $_XOR_                         16

5.26. Executing CHECK pass (checking for obvious problems).
Checking module $paramod\arith_unit\width=s32'00000000000000000000000000001000...
Checking module $paramod\logic_unit\width=s32'00000000000000000000000000001000...
Checking module $paramod\shift_unit\width=s32'00000000000000000000000000001000...
Checking module alu...
Found and reported 0 problems.

6. Executing Verilog backend.

6.1. Executing BMUXMAP pass.

6.2. Executing DEMUXMAP pass.
ERROR: No such command: start (type 'help' for a command overview)
